======================================================================
ЗВІТ ПРО ТЕСТУВАННЯ - Мобільний застосунок Raindji
======================================================================
Дата: 14.06.2026, 21:53:40
Node.js: v24.16.0
Платформа: win32

РЕЗУЛЬТАТИ:
  Всього тестів: 39
  Пройдено: 39
  Провалено: 0
  Успішність: 100%

ДЕТАЛЬНІ РЕЗУЛЬТАТИ:

  [PASS] Повертає "Rainy" при precipitation > 0.5
  [PASS] Повертає "Rainy" при великій кількості опадів незалежно від хмарності
  [PASS] Повертає "Cloudy" при cloudCover > 80 та precipitation <= 0.5
  [PASS] Повертає "Cloudy" при 100% хмарності
  [PASS] Повертає "Partly cloudy" при cloudCover > 50 та <= 80
  [PASS] Повертає "Partly cloudy" при cloudCover = 51
  [PASS] Повертає "Partly cloudy" при cloudCover = 80
  [PASS] Повертає "Misty" при humidity > 80 та відсутності опадів та хмар
  [PASS] Повертає "Misty" при високій вологості навіть при помірній хмарності
  [PASS] Повертає "Sunny" при сприятливих умовах (мало хмар, без опадів, низька вологість)
  [PASS] Повертає "Sunny" при cloudCover = 0, precipitation = 0, humidity = 0
  [PASS] Повертає "Sunny" при граничних значеннях (cloudCover = 50, humidity = 80)
  [PASS] Повертає "☀️" для Sunny
  [PASS] Повертає "⛅" для Partly cloudy
  [PASS] Повертає "☁️" для Cloudy
  [PASS] Повертає "🌧️" для Rainy
  [PASS] Повертає "🌫️" для Misty
  [PASS] Повертає "🌤️" для невідомої умови (default)
  [PASS] Повертає "🌤️" для порожнього рядка
  [PASS] Повертає коректну структуру WeatherData для порожнього масиву годин
  [PASS] Коректно обробляє першу годину як поточну погоду
  [PASS] Коректно конвертує windSpeed з м/с у км/год
  [PASS] Коректно формує погодинний прогноз на 24 години
  [PASS] Коректно групує денний прогноз по днях
  [PASS] Коректно використовує NOAA дані як fallback при відсутності SG
  [PASS] Не використовує ECMWF дані (код перевіряє лише SG та NOAA)
  [PASS] Повертає default 0 при повній відсутності даних про температуру
  [PASS] STORMGLASS_BASE містить коректний URL
  [PASS] NOMINATIM_BASE містить коректний URL
  [PASS] getPressureTrend повертає "falling" при різкому падінні тиску
  [PASS] getPressureTrend повертає "rising" при різкому зростанні тиску
  [PASS] getPressureTrend повертає "steady" при незначній зміні тиску
  [PASS] getDressTip радить тепло вдягнутись при морозі
  [PASS] getDressTip радить куртку при прохолоді
  [PASS] getDressTip радить легкий одяг при спеці
  [PASS] getRainHour повертає годину початку дощу
  [PASS] getRainHour повертає -1, коли дощу не очікується
  [PASS] getBestHour обирає суху денну годину з комфортною температурою
  [PASS] buildWeatherData додає об'єкт tips з порадами

======================================================================
КІНЕЦЬ ЗВІТУ
======================================================================